// Jest Snapshot v1, https://goo.gl/fbAQLP

exports[`First App Test Show component <FirstApp /> successful 1`] = `
<Fragment>
  <h1>
    Hola, soy Goku
  </h1>
  <h1>
    Hola, soy Goku
  </h1>
  <pre>
    {
   "name": "Demo",
   "age": 123
}
  </pre>
  <h1>
    Hola Mundo
  </h1>
  <h1>
    Subtitle
  </h1>
</Fragment>
`;
